// Jest Snapshot v1, https://goo.gl/fbAQLP

exports[`AppErrorMessage renders an error message: rendered 1`] = `
NodeList [
  <div
    class="u-block u-text-14"
  >
    Sample error message
  </div>,
]
`;

exports[`AppErrorMessage returns null when there is no message: null 1`] = `NodeList []`;
