// Jest Snapshot v1, https://goo.gl/fbAQLP

exports[`Header matches snapshot 1`] = `
NodeList [
  <div
    class="component"
  >
    <div
      class="ui-container-xl u-flex u-justify-center md:u-justify-start"
    >
      <button
        class="menu"
        type="button"
      >
        <svg
          height="20"
          id="my_element"
          viewBox="0 0 20 20"
          width="20"
        >
          <title>
            Menu
          </title>
          <rect
            fill="#fff"
            height="2.5"
            width="20"
            x="0%"
            y="0%"
          />
          <rect
            fill="#fff"
            height="2.5"
            width="20"
            x="0%"
            y="8.75"
          />
          <rect
            fill="#fff"
            height="2.5"
            width="20"
            x="0%"
            y="17.5"
          />
        </svg>
      </button>
      <a
        class="md:u-mr-2x"
        href="/"
      >
        <svg
          class="svgBrand"
          height="59"
          viewBox="0 0 100 59"
          width="100"
        >
          <title>
            mattscholta
          </title>
          <g
            fill="none"
            fill-rule="evenodd"
            stroke="none"
            stroke-width="1"
          >
            <path
              d="M72.573561,53.8100014 L67.7974434,43 L63.0213258,53.8100014 L57.7974434,53.8100014 L52.573561,53.8100014 L47.7974434,43 L43.0213258,53.8100014 L24.0228956,53.8100014 L47.7974434,0 L57.7974434,22.6334489 L67.7974434,0 L91.5719913,53.8100014 L72.573561,53.8100014 Z M7.10754499,21.7630003 L16.7229599, 8.8817842e-16 L19.5285978,0 L8.51036391,24.9380633 L7.10754499, 21.7630003 Z M9.82164089,28.3034712 L22.3267926,2.0539126e-15 L26.1647839,0 L11.7406366,32.6468202 L9.82164089,28.3034712 Z M28.7229599,0 L44.5719913,0 L20.7974434,53.8100014 L16.7974434, 44.7566218 L36.5719913, 0 L28.7229599,0 L28.7229599,8.8817842e-16 Z M28.7229599,8.8817842e-16 L28.7229599, 8.8817842e-16 L34.1647839, 0 L15.6106287,41.9944523 L12.8897168,35.83609 Z M5.35664415, 14.1239332 L0,2 L10.7132883,2 L5.35664415,14.1239332 Z"
              fill="#fff"
            />
          </g>
        </svg>
      </a>
      <nav
        class="nav"
      >
        <a
          class="link"
          href="/"
        >
          About
        </a>
        <a
          class="link"
          href="/portfolio"
        >
          Portfolio
        </a>
        <a
          class="link"
          href="/posts"
        >
          Ramblings
        </a>
        <a
          class="link"
          href="/uses"
        >
          Uses
        </a>
      </nav>
      <a
        href="https://www.github.com/visormatt"
        rel="noopener noreferrer"
        target="_blank"
        title="Find me on Github"
      >
        <svg
          class="svgOctocat"
          height="50"
          viewBox="0 0 250 250"
          width="50"
        >
          <path
            d="M0,0 L115,115 L130,115 L142,142 L250,250 L250,0 Z"
            fill="#fff"
          />
          <path
            class="octocat-arm"
            d="M128.3,109.0 C113.8,99.7 119.0,89.6 119.0,89.6 C122.0,82.7 120.5, 78.6 120.5,78.6 C119.2,72.0 123.4,76.3 123.4,76.3 C127.3,80.9 125.5, 87.3 125.5,87.3 C122.9,97.6 130.6,101.9 134.4,103.2"
            fill="#222"
          />
          <path
            class="octocat-body"
            d="M115.0,115.0 C114.9,115.1 118.7,116.5 119.8,115.4 L133.7,101.6 C136.9,99.2 139.9,98.4 142.2,98.6 C133.8,88.0 127.5,74.4 143.8,58.0 C148.5,53.4 154.0,51.2 159.7,51.0 C160.3,49.4 163.2,43.6 171.4,40.1 C171.4,40.1 176.1,42.5 178.8,56.2 C183.1,58.6 187.2,61.8 190.9,65.4 C194.5,69.0 197.7,73.2 200.1,77.6 C213.8,80.2 216.3,84.9 216.3,84.9 C212.7,93.1 206.9,96.0 205.4,96.6 C205.1,102.4 203.0,107.8 198.3, 112.5 C181.9,128.9 168.3,122.5 157.7,114.1 C157.9,116.9 156.7,120.9 152.7,124.9 L141.0,136.5 C139.8,137.7 141.6,141.9 141.8,141.8 Z"
            fill="#222"
          />
        </svg>
      </a>
    </div>
  </div>,
]
`;
