// Jest Snapshot v1, https://goo.gl/fbAQLP

exports[`BlogPreviewColumn matches snapshot 1`] = `
NodeList [
  <a
    class="component"
    data-ga-label=""
    href="/posts"
  >
    <img
      alt=""
      class="image"
      height="1250"
      loading="eager"
      title=""
      width="1880"
    />
    <div
      class="u-flex-grow"
    >
      <div
        class="u-flex heading"
      >
        <h2 />
      </div>
    </div>
    <span
      class="link"
    >
      Read More Â»
    </span>
  </a>,
]
`;
