// Jest Snapshot v1, https://goo.gl/fbAQLP

exports[`AppLifeCycle matches snapshot 1`] = `NodeList []`;
