// Jest Snapshot v1, https://goo.gl/fbAQLP

exports[`GoogleTagManagerIFrame matches snapshot 1`] = `
NodeList [
  <noscript />,
]
`;
