// Jest Snapshot v1, https://goo.gl/fbAQLP

exports[`AppHead matches snapshot 1`] = `NodeList []`;
